2021-04-15 22:13:34,238 : INFO : Created....
2021-04-15 22:13:34,238 : INFO : delete from student where studentId = 80
2021-04-15 22:13:34,242 : INFO : Deleted Successfully....
2021-04-15 22:13:34,498 : INFO : update student set studentName = 'Anjali', phone = '5784578457' where studentId = 204
2021-04-15 22:13:34,501 : INFO : Updated Successfully...
